stm32h7xx_hal_pcd_ex.c:71:19:HAL_PCDEx_SetTxFiFo	8	static
stm32h7xx_hal_pcd_ex.c:113:19:HAL_PCDEx_SetRxFiFo	0	static
stm32h7xx_hal_pcd_ex.c:125:19:HAL_PCDEx_ActivateLPM	0	static
stm32h7xx_hal_pcd_ex.c:142:19:HAL_PCDEx_DeActivateLPM	0	static
stm32h7xx_hal_pcd_ex.c:256:19:HAL_PCDEx_ActivateBCD	0	static
stm32h7xx_hal_pcd_ex.c:279:19:HAL_PCDEx_DeActivateBCD	0	static
stm32h7xx_hal_pcd_ex.c:302:13:HAL_PCDEx_LPM_Callback	0	static
stm32h7xx_hal_pcd_ex.c:319:13:HAL_PCDEx_BCD_Callback	0	static
stm32h7xx_hal_pcd_ex.c:159:6:HAL_PCDEx_BCD_VBUSDetect	16	static
