stm32h7xx_hal_i2c.c:5977:13:I2C_Flush_TXDR	0	static
stm32h7xx_hal_i2c.c:6445:13:I2C_TransferConfig	12	static
stm32h7xx_hal_i2c.c:6464:13:I2C_Enable_IRQ	0	static
stm32h7xx_hal_i2c.c:6535:13:I2C_Disable_IRQ	4	static
stm32h7xx_hal_i2c.c:6598:13:I2C_ConvertOtherXferOptions	0	static
stm32h7xx_hal_i2c.c:6377:26:I2C_IsAcknowledgeFailed	16	static
stm32h7xx_hal_i2c.c:6243:26:I2C_WaitOnTXISFlagUntilTimeout	16	static
stm32h7xx_hal_i2c.c:6213:26:I2C_WaitOnFlagUntilTimeout	24	static
stm32h7xx_hal_i2c.c:5154:26:I2C_RequestMemoryWrite	24	static
stm32h7xx_hal_i2c.c:5207:26:I2C_RequestMemoryRead	24	static
stm32h7xx_hal_i2c.c:6280:26:I2C_WaitOnSTOPFlagUntilTimeout	16	static
stm32h7xx_hal_i2c.c:6314:26:I2C_WaitOnRXNEFlagUntilTimeout	16	static
stm32h7xx_hal_i2c.c:627:13:HAL_I2C_MspInit	0	static
stm32h7xx_hal_i2c.c:472:19:HAL_I2C_Init	8	static
stm32h7xx_hal_i2c.c:643:13:HAL_I2C_MspDeInit	0	static
stm32h7xx_hal_i2c.c:581:19:HAL_I2C_DeInit	8	static
stm32h7xx_hal_i2c.c:1063:19:HAL_I2C_Master_Transmit	40	static
stm32h7xx_hal_i2c.c:1177:19:HAL_I2C_Master_Receive	40	static
stm32h7xx_hal_i2c.c:1290:19:HAL_I2C_Slave_Transmit	32	static
stm32h7xx_hal_i2c.c:1427:19:HAL_I2C_Slave_Receive	32	static
stm32h7xx_hal_i2c.c:1553:19:HAL_I2C_Master_Transmit_IT	24	static
stm32h7xx_hal_i2c.c:1622:19:HAL_I2C_Master_Receive_IT	24	static
stm32h7xx_hal_i2c.c:1689:19:HAL_I2C_Slave_Transmit_IT	16	static
stm32h7xx_hal_i2c.c:1738:19:HAL_I2C_Slave_Receive_IT	16	static
stm32h7xx_hal_i2c.c:1789:19:HAL_I2C_Master_Transmit_DMA	32	static
stm32h7xx_hal_i2c.c:1932:19:HAL_I2C_Master_Receive_DMA	32	static
stm32h7xx_hal_i2c.c:2073:19:HAL_I2C_Slave_Transmit_DMA	16	static
stm32h7xx_hal_i2c.c:2176:19:HAL_I2C_Slave_Receive_DMA	16	static
stm32h7xx_hal_i2c.c:2283:19:HAL_I2C_Mem_Write	40	static
stm32h7xx_hal_i2c.c:2418:19:HAL_I2C_Mem_Read	40	static
stm32h7xx_hal_i2c.c:2551:19:HAL_I2C_Mem_Write_IT	32	static
stm32h7xx_hal_i2c.c:2642:19:HAL_I2C_Mem_Read_IT	32	static
stm32h7xx_hal_i2c.c:2732:19:HAL_I2C_Mem_Write_DMA	40	static
stm32h7xx_hal_i2c.c:2876:19:HAL_I2C_Mem_Read_DMA	40	static
stm32h7xx_hal_i2c.c:3017:19:HAL_I2C_IsDeviceReady	48	static
stm32h7xx_hal_i2c.c:3159:19:HAL_I2C_Master_Seq_Transmit_IT	24	static
stm32h7xx_hal_i2c.c:3243:19:HAL_I2C_Master_Seq_Transmit_DMA	32	static
stm32h7xx_hal_i2c.c:3405:19:HAL_I2C_Master_Seq_Receive_IT	24	static
stm32h7xx_hal_i2c.c:3489:19:HAL_I2C_Master_Seq_Receive_DMA	32	static
stm32h7xx_hal_i2c.c:3649:19:HAL_I2C_Slave_Seq_Transmit_IT	24	static
stm32h7xx_hal_i2c.c:3744:19:HAL_I2C_Slave_Seq_Transmit_DMA	24	static
stm32h7xx_hal_i2c.c:3923:19:HAL_I2C_Slave_Seq_Receive_IT	24	static
stm32h7xx_hal_i2c.c:4018:19:HAL_I2C_Slave_Seq_Receive_DMA	24	static
stm32h7xx_hal_i2c.c:4193:19:HAL_I2C_EnableListen_IT	8	static
stm32h7xx_hal_i2c.c:4217:19:HAL_I2C_DisableListen_IT	8	static
stm32h7xx_hal_i2c.c:4250:19:HAL_I2C_Master_Abort_IT	24	static
stm32h7xx_hal_i2c.c:4312:6:HAL_I2C_EV_IRQHandler	8	static
stm32h7xx_hal_i2c.c:4380:13:HAL_I2C_MasterTxCpltCallback	0	static
stm32h7xx_hal_i2c.c:4396:13:HAL_I2C_MasterRxCpltCallback	0	static
stm32h7xx_hal_i2c.c:5349:13:I2C_ITMasterSeqCplt	16	static
stm32h7xx_hal_i2c.c:4411:13:HAL_I2C_SlaveTxCpltCallback	0	static
stm32h7xx_hal_i2c.c:4427:13:HAL_I2C_SlaveRxCpltCallback	0	static
stm32h7xx_hal_i2c.c:5402:13:I2C_ITSlaveSeqCplt	8	static
stm32h7xx_hal_i2c.c:6046:13:I2C_DMASlaveTransmitCplt	8	static
stm32h7xx_hal_i2c.c:6121:13:I2C_DMASlaveReceiveCplt	8	static
stm32h7xx_hal_i2c.c:4445:13:HAL_I2C_AddrCallback	0	static
stm32h7xx_hal_i2c.c:5254:13:I2C_ITAddrCplt	24	static
stm32h7xx_hal_i2c.c:4463:13:HAL_I2C_ListenCpltCallback	0	static
stm32h7xx_hal_i2c.c:5778:13:I2C_ITListenCplt	8	static
stm32h7xx_hal_i2c.c:4479:13:HAL_I2C_MemTxCpltCallback	0	static
stm32h7xx_hal_i2c.c:4495:13:HAL_I2C_MemRxCpltCallback	0	static
stm32h7xx_hal_i2c.c:4511:13:HAL_I2C_ErrorCallback	0	static
stm32h7xx_hal_i2c.c:4527:13:HAL_I2C_AbortCpltCallback	0	static
stm32h7xx_hal_i2c.c:5939:13:I2C_TreatErrorCallback	8	static
stm32h7xx_hal_i2c.c:5829:13:I2C_ITError	8	static
stm32h7xx_hal_i2c.c:5619:13:I2C_ITSlaveCplt	16	static
stm32h7xx_hal_i2c.c:4747:26:I2C_Slave_ISR_IT	24	static
stm32h7xx_hal_i2c.c:5476:13:I2C_ITMasterCplt	24	static
stm32h7xx_hal_i2c.c:4610:26:I2C_Master_ISR_IT	24	static
stm32h7xx_hal_i2c.c:5015:26:I2C_Slave_ISR_DMA	24	static
stm32h7xx_hal_i2c.c:4880:26:I2C_Master_ISR_DMA	16	static
stm32h7xx_hal_i2c.c:6148:13:I2C_DMAError	16	static
stm32h7xx_hal_i2c.c:5998:13:I2C_DMAMasterTransmitCplt	8	static
stm32h7xx_hal_i2c.c:6073:13:I2C_DMAMasterReceiveCplt	8	static
stm32h7xx_hal_i2c.c:4331:6:HAL_I2C_ER_IRQHandler	8	static
stm32h7xx_hal_i2c.c:6186:13:I2C_DMAAbort	8	static
stm32h7xx_hal_i2c.c:4562:22:HAL_I2C_GetState	0	static
stm32h7xx_hal_i2c.c:4574:21:HAL_I2C_GetMode	0	static
stm32h7xx_hal_i2c.c:4585:10:HAL_I2C_GetError	0	static
