stm32h7xx_hal_flash_ex.c:850:13:FLASH_MassErase	0	static
stm32h7xx_hal_flash_ex.c:984:13:FLASH_OB_EnableWRP	4	static
stm32h7xx_hal_flash_ex.c:1019:13:FLASH_OB_DisableWRP	4	static
stm32h7xx_hal_flash_ex.c:1058:13:FLASH_OB_GetWRP	0	static
stm32h7xx_hal_flash_ex.c:1104:13:FLASH_OB_RDPConfig	0	static
stm32h7xx_hal_flash_ex.c:1121:17:FLASH_OB_GetRDP	0	static
stm32h7xx_hal_flash_ex.c:1177:13:FLASH_OB_UserConfig	4	static
stm32h7xx_hal_flash_ex.c:1365:17:FLASH_OB_GetUser	0	static
stm32h7xx_hal_flash_ex.c:1399:13:FLASH_OB_PCROPConfig	8	static
stm32h7xx_hal_flash_ex.c:1448:13:FLASH_OB_GetPCROP	8	static
stm32h7xx_hal_flash_ex.c:1484:13:FLASH_OB_BOR_LevelConfig	0	static
stm32h7xx_hal_flash_ex.c:1501:17:FLASH_OB_GetBOR	0	static
stm32h7xx_hal_flash_ex.c:1516:13:FLASH_OB_BootAddConfig	8	static
stm32h7xx_hal_flash_ex.c:1554:13:FLASH_OB_GetBootAdd	0	static
stm32h7xx_hal_flash_ex.c:1638:13:FLASH_OB_SecureAreaConfig	8	static
stm32h7xx_hal_flash_ex.c:1680:13:FLASH_OB_GetSecureArea	8	static
stm32h7xx_hal_flash_ex.c:1713:13:FLASH_CRC_AddSector	0	static
stm32h7xx_hal_flash_ex.c:1745:13:FLASH_CRC_SelectAddress	0	static
stm32h7xx_hal_flash_ex.c:416:19:HAL_FLASHEx_OBProgram	16	static
stm32h7xx_hal_flash_ex.c:559:6:HAL_FLASHEx_OBGetConfig	8	static
stm32h7xx_hal_flash_ex.c:627:19:HAL_FLASHEx_Unlock_Bank1	0	static
stm32h7xx_hal_flash_ex.c:649:19:HAL_FLASHEx_Lock_Bank1	0	static
stm32h7xx_hal_flash_ex.c:661:19:HAL_FLASHEx_Unlock_Bank2	0	static
stm32h7xx_hal_flash_ex.c:683:19:HAL_FLASHEx_Lock_Bank2	0	static
stm32h7xx_hal_flash_ex.c:702:19:HAL_FLASHEx_ComputeCRC	16	static
stm32h7xx_hal_flash_ex.c:927:6:FLASH_Erase_Sector	8	static
stm32h7xx_hal_flash_ex.c:178:19:HAL_FLASHEx_Erase	24	static
stm32h7xx_hal_flash_ex.c:295:19:HAL_FLASHEx_Erase_IT	16	static
