stm32h7xx_hal_tim_ex.c:2598:13:TIM_CCxNChannelCmd	4	static
stm32h7xx_hal_tim_ex.c:2553:6:TIM_DMAErrorCCxN	8	static
stm32h7xx_hal_tim_ex.c:2494:13:TIM_DMADelayPulseNCplt	8	static
stm32h7xx_hal_tim_ex.c:282:13:HAL_TIMEx_HallSensor_MspInit	0	static
stm32h7xx_hal_tim_ex.c:136:19:HAL_TIMEx_HallSensor_Init	48	static
stm32h7xx_hal_tim_ex.c:297:13:HAL_TIMEx_HallSensor_MspDeInit	0	static
stm32h7xx_hal_tim_ex.c:237:19:HAL_TIMEx_HallSensor_DeInit	8	static
stm32h7xx_hal_tim_ex.c:312:19:HAL_TIMEx_HallSensor_Start	8	static
stm32h7xx_hal_tim_ex.c:358:19:HAL_TIMEx_HallSensor_Stop	8	static
stm32h7xx_hal_tim_ex.c:385:19:HAL_TIMEx_HallSensor_Start_IT	8	static
stm32h7xx_hal_tim_ex.c:434:19:HAL_TIMEx_HallSensor_Stop_IT	8	static
stm32h7xx_hal_tim_ex.c:466:19:HAL_TIMEx_HallSensor_Start_DMA	16	static
stm32h7xx_hal_tim_ex.c:533:19:HAL_TIMEx_HallSensor_Stop_DMA	8	static
stm32h7xx_hal_tim_ex.c:594:19:HAL_TIMEx_OCN_Start	8	static
stm32h7xx_hal_tim_ex.c:638:19:HAL_TIMEx_OCN_Stop	16	static
stm32h7xx_hal_tim_ex.c:670:19:HAL_TIMEx_OCN_Start_IT	8	static
stm32h7xx_hal_tim_ex.c:745:19:HAL_TIMEx_OCN_Stop_IT	16	static
stm32h7xx_hal_tim_ex.c:814:19:HAL_TIMEx_OCN_Start_DMA	16	static
stm32h7xx_hal_tim_ex.c:933:19:HAL_TIMEx_OCN_Stop_DMA	16	static
stm32h7xx_hal_tim_ex.c:1028:19:HAL_TIMEx_PWMN_Start	8	static
stm32h7xx_hal_tim_ex.c:1071:19:HAL_TIMEx_PWMN_Stop	16	static
stm32h7xx_hal_tim_ex.c:1103:19:HAL_TIMEx_PWMN_Start_IT	8	static
stm32h7xx_hal_tim_ex.c:1177:19:HAL_TIMEx_PWMN_Stop_IT	16	static
stm32h7xx_hal_tim_ex.c:1247:19:HAL_TIMEx_PWMN_Start_DMA	16	static
stm32h7xx_hal_tim_ex.c:1366:19:HAL_TIMEx_PWMN_Stop_DMA	16	static
stm32h7xx_hal_tim_ex.c:1449:19:HAL_TIMEx_OnePulseN_Start	16	static
stm32h7xx_hal_tim_ex.c:1490:19:HAL_TIMEx_OnePulseN_Stop	16	static
stm32h7xx_hal_tim_ex.c:1525:19:HAL_TIMEx_OnePulseN_Start_IT	16	static
stm32h7xx_hal_tim_ex.c:1572:19:HAL_TIMEx_OnePulseN_Stop_IT	16	static
stm32h7xx_hal_tim_ex.c:1653:19:HAL_TIMEx_ConfigCommutEvent	8	static
stm32h7xx_hal_tim_ex.c:1712:19:HAL_TIMEx_ConfigCommutEvent_IT	8	static
stm32h7xx_hal_tim_ex.c:1775:19:HAL_TIMEx_ConfigCommutEvent_DMA	8	static
stm32h7xx_hal_tim_ex.c:1825:19:HAL_TIMEx_MasterConfigSynchronization	12	static
stm32h7xx_hal_tim_ex.c:1898:19:HAL_TIMEx_ConfigBreakDeadTime	8	static
stm32h7xx_hal_tim_ex.c:1963:19:HAL_TIMEx_ConfigBreakInput	20	static
stm32h7xx_hal_tim_ex.c:2145:19:HAL_TIMEx_RemapConfig	0	static
stm32h7xx_hal_tim_ex.c:2239:20:HAL_TIMEx_TISelection	0	static
stm32h7xx_hal_tim_ex.c:2284:19:HAL_TIMEx_GroupChannel5	4	static
stm32h7xx_hal_tim_ex.c:2334:13:HAL_TIMEx_CommutCallback	0	static
stm32h7xx_hal_tim_ex.c:2455:6:TIMEx_DMACommutationCplt	8	static
stm32h7xx_hal_tim_ex.c:2348:13:HAL_TIMEx_CommutHalfCpltCallback	0	static
stm32h7xx_hal_tim_ex.c:2474:6:TIMEx_DMACommutationHalfCplt	8	static
stm32h7xx_hal_tim_ex.c:2363:13:HAL_TIMEx_BreakCallback	0	static
stm32h7xx_hal_tim_ex.c:2378:13:HAL_TIMEx_Break2Callback	0	static
stm32h7xx_hal_tim_ex.c:2411:22:HAL_TIMEx_HallSensor_GetState	0	static
stm32h7xx_hal_tim_ex.c:2426:29:HAL_TIMEx_GetChannelNState	0	static
