stm32h7xx_hal_rcc_ex.c:3245:26:RCCEx_PLL2_Config	16	static
stm32h7xx_hal_rcc_ex.c:3350:26:RCCEx_PLL3_Config	16	static
stm32h7xx_hal_rcc_ex.c:107:19:HAL_RCCEx_PeriphCLKConfig	24	static
stm32h7xx_hal_rcc_ex.c:1587:6:HAL_RCCEx_GetPeriphCLKConfig	0	static
stm32h7xx_hal_rcc_ex.c:2457:10:HAL_RCCEx_GetD1PCLK1Freq	8	static
stm32h7xx_hal_rcc_ex.c:2474:10:HAL_RCCEx_GetD3PCLK1Freq	8	static
stm32h7xx_hal_rcc_ex.c:2498:6:HAL_RCCEx_GetPLL2ClockFreq	4	static
stm32h7xx_hal_rcc_ex.c:2567:6:HAL_RCCEx_GetPLL3ClockFreq	4	static
stm32h7xx_hal_rcc_ex.c:2635:6:HAL_RCCEx_GetPLL1ClockFreq	4	static
stm32h7xx_hal_rcc_ex.c:1776:10:HAL_RCCEx_GetPeriphCLKFreq	48	static
stm32h7xx_hal_rcc_ex.c:2696:10:HAL_RCCEx_GetD1SysClockFreq	8	static
stm32h7xx_hal_rcc_ex.c:2736:6:HAL_RCCEx_EnableLSECSS	0	static
stm32h7xx_hal_rcc_ex.c:2746:6:HAL_RCCEx_DisableLSECSS	0	static
stm32h7xx_hal_rcc_ex.c:2758:6:HAL_RCCEx_EnableLSECSS_IT	0	static
stm32h7xx_hal_rcc_ex.c:2785:6:HAL_RCCEx_WakeUpStopCLKConfig	0	static
stm32h7xx_hal_rcc_ex.c:2800:6:HAL_RCCEx_KerWakeUpStopCLKConfig	0	static
stm32h7xx_hal_rcc_ex.c:2854:6:HAL_RCCEx_WWDGxSysResetConfig	0	static
stm32h7xx_hal_rcc_ex.c:2935:6:HAL_RCCEx_CRSConfig	8	static
stm32h7xx_hal_rcc_ex.c:2985:6:HAL_RCCEx_CRSSoftwareSynchronizationGenerate	0	static
stm32h7xx_hal_rcc_ex.c:2995:6:HAL_RCCEx_CRSGetSynchronizationInfo	0	static
stm32h7xx_hal_rcc_ex.c:3028:10:HAL_RCCEx_CRSWaitSynchronization	16	static
stm32h7xx_hal_rcc_ex.c:3176:13:HAL_RCCEx_CRS_SyncOkCallback	0	static
stm32h7xx_hal_rcc_ex.c:3187:13:HAL_RCCEx_CRS_SyncWarnCallback	0	static
stm32h7xx_hal_rcc_ex.c:3198:13:HAL_RCCEx_CRS_ExpectedSyncCallback	0	static
stm32h7xx_hal_rcc_ex.c:3214:13:HAL_RCCEx_CRS_ErrorCallback	0	static
stm32h7xx_hal_rcc_ex.c:3111:6:HAL_RCCEx_CRS_IRQHandler	8	static
stm32h7xx_hal_rcc_ex.c:3466:13:HAL_RCCEx_LSECSS_Callback	0	static
stm32h7xx_hal_rcc_ex.c:3447:6:HAL_RCCEx_LSECSS_IRQHandler	8	static
