stm32h7xx_ll_usb.c:1296:26:USB_CoreReset	0	static
stm32h7xx_ll_usb.c:82:19:USB_CoreInit	8	static
stm32h7xx_ll_usb.c:138:19:USB_SetTurnaroundTime	0	static
stm32h7xx_ll_usb.c:221:19:USB_EnableGlobalInt	0	static
stm32h7xx_ll_usb.c:233:19:USB_DisableGlobalInt	0	static
stm32h7xx_ll_usb.c:249:19:USB_SetCurrentMode	8	static
stm32h7xx_ll_usb.c:433:19:USB_FlushTxFifo	0	static
stm32h7xx_ll_usb.c:456:19:USB_FlushRxFifo	0	static
stm32h7xx_ll_usb.c:485:19:USB_SetDevSpeed	0	static
stm32h7xx_ll_usb.c:278:19:USB_DevInit	24	static
stm32h7xx_ll_usb.c:501:9:USB_GetDevSpeed	0	static
stm32h7xx_ll_usb.c:530:19:USB_ActivateEndpoint	12	static
stm32h7xx_ll_usb.c:568:19:USB_ActivateDedicatedEndpoint	12	static
stm32h7xx_ll_usb.c:607:19:USB_DeactivateEndpoint	8	static
stm32h7xx_ll_usb.c:654:19:USB_DeactivateDedicatedEndpoint	0	static
stm32h7xx_ll_usb.c:838:19:USB_EP0StartXfer	12	static
stm32h7xx_ll_usb.c:938:19:USB_WritePacket	12	static
stm32h7xx_ll_usb.c:696:19:USB_EPStartXfer	32	static
stm32h7xx_ll_usb.c:964:7:USB_ReadPacket	4	static
stm32h7xx_ll_usb.c:986:19:USB_EPSetStall	0	static
stm32h7xx_ll_usb.c:1017:19:USB_EPClearStall	0	static
stm32h7xx_ll_usb.c:1046:19:USB_StopDevice	16	static
stm32h7xx_ll_usb.c:1087:20:USB_SetDevAddress	0	static
stm32h7xx_ll_usb.c:1102:20:USB_DevConnect	8	static
stm32h7xx_ll_usb.c:1117:20:USB_DevDisconnect	8	static
stm32h7xx_ll_usb.c:1132:11:USB_ReadInterrupts	0	static
stm32h7xx_ll_usb.c:1147:10:USB_ReadDevAllOutEpInterrupt	0	static
stm32h7xx_ll_usb.c:1163:10:USB_ReadDevAllInEpInterrupt	0	static
stm32h7xx_ll_usb.c:1181:10:USB_ReadDevOutEPInterrupt	0	static
stm32h7xx_ll_usb.c:1199:10:USB_ReadDevInEPInterrupt	4	static
stm32h7xx_ll_usb.c:1218:7:USB_ClearInterrupts	0	static
stm32h7xx_ll_usb.c:1231:10:USB_GetMode	0	static
stm32h7xx_ll_usb.c:1241:20:USB_ActivateSetup	0	static
stm32h7xx_ll_usb.c:1263:19:USB_EP0_OutStart	4	static
stm32h7xx_ll_usb.c:1429:19:USB_InitFSLSPClkSel	4	static
stm32h7xx_ll_usb.c:1459:19:USB_ResetPort	24	static
stm32h7xx_ll_usb.c:1486:19:USB_DriveVbus	8	static
stm32h7xx_ll_usb.c:1334:19:USB_HostInit	16	static
stm32h7xx_ll_usb.c:1516:10:USB_GetHostSpeed	8	static
stm32h7xx_ll_usb.c:1530:10:USB_GetCurrentFrame	0	static
stm32h7xx_ll_usb.c:1561:19:USB_HC_Init	20	static
stm32h7xx_ll_usb.c:1810:10:USB_HC_ReadInterrupt	0	static
stm32h7xx_ll_usb.c:1824:19:USB_HC_Halt	4	static
stm32h7xx_ll_usb.c:1889:19:USB_DoPing	0	static
stm32h7xx_ll_usb.c:1682:19:USB_HC_StartXfer	24	static
stm32h7xx_ll_usb.c:1913:19:USB_StopHost	16	static
stm32h7xx_ll_usb.c:1969:19:USB_ActivateRemoteWakeup	0	static
stm32h7xx_ll_usb.c:1987:19:USB_DeActivateRemoteWakeup	0	static
