stm32h7xx_hal_uart_ex.c:673:13:UARTEx_Wakeup_AddressConfig	8	static
stm32h7xx_hal_uart_ex.c:691:13:UARTEx_SetNbDataToProcess	24	static
stm32h7xx_hal_uart_ex.c:166:19:HAL_RS485Ex_Init	24	static
stm32h7xx_hal_uart_ex.c:272:13:HAL_UARTEx_WakeupCallback	0	static
stm32h7xx_hal_uart_ex.c:287:13:HAL_UARTEx_RxFifoFullCallback	0	static
stm32h7xx_hal_uart_ex.c:302:13:HAL_UARTEx_TxFifoEmptyCallback	0	static
stm32h7xx_hal_uart_ex.c:352:19:HAL_MultiProcessorEx_AddressLength_Set	8	static
stm32h7xx_hal_uart_ex.c:390:19:HAL_UARTEx_StopModeWakeUpSourceConfig	24	static
stm32h7xx_hal_uart_ex.c:445:19:HAL_UARTEx_EnableStopMode	0	static
stm32h7xx_hal_uart_ex.c:464:19:HAL_UARTEx_DisableStopMode	0	static
stm32h7xx_hal_uart_ex.c:483:19:HAL_UARTEx_EnableFifoMode	8	static
stm32h7xx_hal_uart_ex.c:524:19:HAL_UARTEx_DisableFifoMode	0	static
stm32h7xx_hal_uart_ex.c:570:19:HAL_UARTEx_SetTxFifoThreshold	16	static
stm32h7xx_hal_uart_ex.c:619:19:HAL_UARTEx_SetRxFifoThreshold	16	static
