stm32h7xx_hal_spi.c:3444:13:SPI_RxISR_8BIT	0	static
stm32h7xx_hal_spi.c:3481:13:SPI_RxISR_16BIT	0	static
stm32h7xx_hal_spi.c:3524:13:SPI_RxISR_32BIT	0	static
stm32h7xx_hal_spi.c:3561:13:SPI_TxISR_8BIT	0	static
stm32h7xx_hal_spi.c:3597:13:SPI_TxISR_16BIT	0	static
stm32h7xx_hal_spi.c:3639:13:SPI_TxISR_32BIT	0	static
stm32h7xx_hal_spi.c:3675:13:SPI_AbortTransfer	0	static
stm32h7xx_hal_spi.c:3713:13:SPI_CloseTransfer	4	static
stm32h7xx_hal_spi.c:3810:17:SPI_GetPacketSize	0	static
stm32h7xx_hal_spi.c:3789:26:SPI_WaitOnFlagUntilTimeout	24	static
stm32h7xx_hal_spi.c:490:13:HAL_SPI_MspInit	0	static
stm32h7xx_hal_spi.c:234:19:HAL_SPI_Init	16	static
stm32h7xx_hal_spi.c:506:13:HAL_SPI_MspDeInit	0	static
stm32h7xx_hal_spi.c:446:19:HAL_SPI_DeInit	8	static
stm32h7xx_hal_spi.c:777:19:HAL_SPI_Transmit	40	static
stm32h7xx_hal_spi.c:1228:19:HAL_SPI_TransmitReceive	40	static
stm32h7xx_hal_spi.c:996:19:HAL_SPI_Receive	40	static
stm32h7xx_hal_spi.c:1516:19:HAL_SPI_Transmit_IT	4	static
stm32h7xx_hal_spi.c:1697:19:HAL_SPI_TransmitReceive_IT	8	static
stm32h7xx_hal_spi.c:1600:19:HAL_SPI_Receive_IT	16	static
stm32h7xx_hal_spi.c:1990:19:HAL_SPI_Transmit_DMA	16	static
stm32h7xx_hal_spi.c:2283:19:HAL_SPI_TransmitReceive_DMA	16	static
stm32h7xx_hal_spi.c:2133:19:HAL_SPI_Receive_DMA	16	static
stm32h7xx_hal_spi.c:2477:19:HAL_SPI_Abort	16	static
stm32h7xx_hal_spi.c:2707:19:HAL_SPI_DMAPause	0	static
stm32h7xx_hal_spi.c:2722:19:HAL_SPI_DMAResume	0	static
stm32h7xx_hal_spi.c:2737:19:HAL_SPI_DMAStop	0	static
stm32h7xx_hal_spi.c:3001:13:HAL_SPI_TxCpltCallback	0	static
stm32h7xx_hal_spi.c:3187:13:SPI_DMATransmitCplt	8	static
stm32h7xx_hal_spi.c:3017:13:HAL_SPI_RxCpltCallback	0	static
stm32h7xx_hal_spi.c:3215:13:SPI_DMAReceiveCplt	8	static
stm32h7xx_hal_spi.c:3033:13:HAL_SPI_TxRxCpltCallback	0	static
stm32h7xx_hal_spi.c:3243:13:SPI_DMATransmitReceiveCplt	8	static
stm32h7xx_hal_spi.c:3049:13:HAL_SPI_TxHalfCpltCallback	0	static
stm32h7xx_hal_spi.c:3271:13:SPI_DMAHalfTransmitCplt	8	static
stm32h7xx_hal_spi.c:3065:13:HAL_SPI_RxHalfCpltCallback	0	static
stm32h7xx_hal_spi.c:3288:13:SPI_DMAHalfReceiveCplt	8	static
stm32h7xx_hal_spi.c:3081:13:HAL_SPI_TxRxHalfCpltCallback	0	static
stm32h7xx_hal_spi.c:3305:13:SPI_DMAHalfTransmitReceiveCplt	8	static
stm32h7xx_hal_spi.c:3097:13:HAL_SPI_ErrorCallback	0	static
stm32h7xx_hal_spi.c:3322:13:SPI_DMAError	8	static
stm32h7xx_hal_spi.c:2751:6:HAL_SPI_IRQHandler	32	static
stm32h7xx_hal_spi.c:3348:13:SPI_DMAAbortOnError	8	static
stm32h7xx_hal_spi.c:3115:13:HAL_SPI_AbortCpltCallback	0	static
stm32h7xx_hal_spi.c:2586:19:HAL_SPI_Abort_IT	24	static
stm32h7xx_hal_spi.c:3409:13:SPI_DMARxAbortCallback	8	static
stm32h7xx_hal_spi.c:3372:13:SPI_DMATxAbortCallback	8	static
stm32h7xx_hal_spi.c:3150:22:HAL_SPI_GetState	0	static
stm32h7xx_hal_spi.c:3162:10:HAL_SPI_GetError	0	static
