ff.c:613:6:ld_word	0	static
ff.c:623:7:ld_dword	0	static
ff.c:636:7:ld_qword	20	static
ff.c:654:6:st_word	0	static
ff.c:661:6:st_dword	0	static
ff.c:671:6:st_qword	0	static
ff.c:693:6:mem_cpy	0	static
ff.c:706:6:mem_set	0	static
ff.c:716:5:mem_cmp	8	static
ff.c:729:5:chk_chr	0	static
ff.c:771:9:chk_lock	8	static
ff.c:798:5:enq_lock	0	static
ff.c:808:6:inc_lock	12	static
ff.c:840:9:dec_lock	0	static
ff.c:863:6:clear_lock	4	static
ff.c:983:7:clust2sect	0	static
ff.c:1440:7:clmt_clust	24	static
ff.c:1632:7:ld_clust	16	static
ff.c:1650:6:st_clust	16	static
ff.c:1713:5:pick_lfn	24	static
ff.c:1751:6:put_lfn	32	static
ff.c:1789:6:gen_numname	24	static
ff.c:1848:6:sum_sfn	0	static
ff.c:1871:6:xdir_sum	8	static
ff.c:1912:7:xsum32	0	static
ff.c:2546:7:get_achar	0	static
ff.c:2570:5:pattern_matching	40	static
ff.c:2904:5:get_ldnumber	4	static
ff.c:5987:6:putc_init	0	static
ff.c:3216:9:validate	16	static
ff.c:883:9:sync_window	24	static
ff.c:912:9:move_window	16	static
ff.c:2965:6:check_fs	8	static
ff.c:2993:9:find_volume	64	static
ff.c:1146:7:find_bitmap	32	static
ff.c:1187:9:change_bitmap	32	static
ff.c:1081:9:put_fat	32	static
ff.c:1246:9:fill_last_frag	16	static
ff.c:1223:9:fill_first_frag	16	static
ff.c:1001:7:get_fat	32	static
ff.c:1351:7:create_chain	32	static
ff.c:1470:9:dir_sdi	24	static
ff.c:1271:9:remove_chain	40	static
ff.c:1519:9:dir_next	24	static
ff.c:1978:9:load_xdir	24	static
ff.c:2028:9:load_obj_dir	8	static
ff.c:2131:9:dir_read	32	static
ff.c:1589:9:dir_alloc	24	static
ff.c:2056:9:store_xdir	24	static
ff.c:2396:9:dir_remove	16	static
ff.c:944:9:sync_fs	16	static
ff.c:2618:9:create_name	48	static
ff.c:1929:6:get_xdir_info	24	static
ff.c:2444:6:get_fileinfo	24	static
ff.c:1893:6:xname_sum	16	static
ff.c:2089:6:create_xdir	32	static
ff.c:1677:5:cmp_lfn	32	static
ff.c:2210:9:dir_find	40	static
ff.c:2813:9:follow_path	112	static
ff.c:2292:9:dir_register	136	static
ff.c:3260:9:f_mount	32	static
ff.c:3308:9:f_open	152	static
ff.c:3511:9:f_read	64	static
ff.c:3611:9:f_write	64	static
ff.c:5917:6:putc_bfd	24	static
ff.c:5973:5:putc_flush	16	static
ff.c:3732:9:f_sync	112	static
ff.c:3813:9:f_close	16	static
ff.c:3869:9:f_chdir	120	static
ff.c:3921:9:f_getcwd	416	static
ff.c:4001:9:f_lseek	64	static
ff.c:4162:9:f_opendir	32	static
ff.c:4232:9:f_closedir	16	static
ff.c:4265:9:f_readdir	24	static
ff.c:4301:9:f_findnext	16	static
ff.c:4326:9:f_findfirst	16	static
ff.c:4353:9:f_stat	112	static
ff.c:4388:9:f_getfree	104	static
ff.c:4475:9:f_truncate	24	static
ff.c:4525:9:f_unlink	264	static
ff.c:4620:9:f_mkdir	144	static
ff.c:4717:9:f_rename	280	static
ff.c:4825:9:f_chmod	120	static
ff.c:4872:9:f_utime	120	static
ff.c:4919:9:f_getlabel	128	static
ff.c:5013:9:f_setlabel	152	static
ff.c:5140:9:f_expand	64	static
ff.c:5230:9:f_forward	64	static
ff.c:5301:9:f_mkfs	120	static
ff.c:5830:8:f_gets	32	static
ff.c:5998:5:f_putc	88	static
ff.c:6018:5:f_puts	88	static
ff.c:6038:5:f_printf	148	static
