ad7779.c:81:9:ad7779_compute_crc8	4	static
ad7779.c:109:9:ad7779_spi_int_reg_read	40	static
ad7779.c:146:9:ad7779_spi_int_reg_write	32	static
ad7779.c:175:9:ad7779_spi_int_reg_read_mask	24	static
ad7779.c:197:9:ad7779_spi_int_reg_write_mask	8	static
ad7779.c:243:9:ad7779_spi_sar_read_code	40	static
ad7779.c:284:9:ad7779_set_spi_op_mode	24	static
ad7779.c:323:9:ad7779_get_spi_op_mode	0	static
ad7779.c:337:9:ad7779_do_update_mode_pins	24	static
ad7779.c:426:9:ad7779_set_state	16	static
ad7779.c:456:9:ad7779_get_state	0	static
ad7779.c:484:9:ad7779_set_gain	8	static
ad7779.c:529:9:ad7779_get_gain	0	static
ad7779.c:545:9:ad7779_set_dec_rate	24	static
ad7779.c:603:9:ad7779_get_dec_rate	0	static
ad7779.c:621:9:ad7779_set_power_mode	16	static
ad7779.c:641:9:ad7779_get_power_mode	0	static
ad7779.c:657:9:ad7779_set_reference_type	16	static
ad7779.c:677:9:ad7779_get_reference_type	0	static
ad7779.c:699:9:ad7779_set_dclk_div	24	static
ad7779.c:731:9:ad7779_get_dclk_div	0	static
ad7779.c:754:9:ad7779_set_sync_offset	16	static
ad7779.c:789:9:ad7779_get_sync_offset	8	static
ad7779.c:819:9:ad7779_set_offset_corr	32	static
ad7779.c:866:9:ad7779_get_offset_corr	8	static
ad7779.c:896:9:ad7779_set_gain_corr	32	static
ad7779.c:944:9:ad7779_get_gain_corr	8	static
ad7779.c:971:9:ad7779_set_ref_buf_op_mode	24	static
ad7779.c:1047:9:ad7779_get_ref_buf_op_mode	8	static
ad7779.c:1093:9:ad7779_set_sar_cfg	24	static
ad7779.c:1120:9:ad7779_get_sar_cfg	0	static
ad7779.c:1159:9:ad7779_do_single_sar_conv	32	static
ad7779.c:1187:9:ad7779_do_spi_soft_reset	40	static
ad7779.c:1208:9:ad7771_set_sinc5_filter_state	16	static
ad7779.c:1235:9:ad7771_get_sinc5_filter_state	8	static
ad7779.c:1256:9:ad7779_setup	32	static
