main.c:12317:13:MX_SDMMC1_SD_Init	0	static
main.c:12805:13:MX_GPIO_Init	88	static
main.c:12756:13:MX_DMA_Init	16	static
main.c:12133:13:MX_SAI1_Init	16	static
main.c:12180:13:MX_SAI2_Init	16	static
main.c:12227:13:MX_SAI3_Init	16	static
main.c:12272:13:MX_SAI4_Init	16	static
main.c:12345:13:MX_SPI1_Init	8	static
main.c:12393:13:MX_SPI2_Init	8	static
main.c:12441:13:MX_SPI3_Init	8	static
main.c:12489:13:MX_SPI4_Init	8	static
main.c:12537:13:MX_SPI6_Init	8	static
main.c:12710:13:MX_USART1_UART_Init	16	static
main.c:12585:13:MX_TIM1_Init	64	static
main.c:12644:13:MX_TIM8_Init	64	static
main.c:12041:13:MX_I2C1_Init	16	static
main.c:12087:13:MX_I2C2_Init	16	static
main.c:602:9:interpret24bitAsInt32	0	static
main.c:619:6:interpretInt32As24bit	0	static
main.c:629:6:UART_Printf	16	static
main.c:865:6:print_hex	24	static
main.c:1053:6:print_binary	16	static
main.c:1215:6:print_symbol	8	static
main.c:1299:6:print_text	16	static
main.c:1398:6:print_line	8	static
main.c:1479:6:print_text_line	8	static
main.c:1496:9:crc8da_	12	static
main.c:1533:9:crc8da	16	static
main.c:1578:9:crc8da_7	16	static
main.c:11955:6:SystemClock_Config	320	static
main.c:2160:5:main	920	static,ignoring_inline_asm
main.c:12921:6:HAL_GPIO_EXTI_Callback	0	static
main.c:13384:6:HAL_SPI_RxTxCpltCallback	0	static
main.c:13388:6:HAL_SPI_RxCpltCallback	0	static
main.c:13436:6:Error_Handler	0	static
