stm32h7xx_it.c:100:6:NMI_Handler	0	static
stm32h7xx_it.c:113:6:HardFault_Handler	0	static
stm32h7xx_it.c:128:6:MemManage_Handler	0	static
stm32h7xx_it.c:143:6:BusFault_Handler	0	static
stm32h7xx_it.c:158:6:UsageFault_Handler	0	static
stm32h7xx_it.c:173:6:SVC_Handler	0	static
stm32h7xx_it.c:186:6:DebugMon_Handler	0	static
stm32h7xx_it.c:199:6:PendSV_Handler	0	static
stm32h7xx_it.c:212:6:SysTick_Handler	8	static
stm32h7xx_it.c:233:6:PVD_AVD_IRQHandler	8	static
stm32h7xx_it.c:247:6:FLASH_IRQHandler	8	static
stm32h7xx_it.c:261:6:RCC_IRQHandler	0	static
stm32h7xx_it.c:274:6:EXTI0_IRQHandler	8	static
stm32h7xx_it.c:288:6:DMA1_Stream0_IRQHandler	8	static
stm32h7xx_it.c:302:6:DMA1_Stream1_IRQHandler	8	static
stm32h7xx_it.c:316:6:DMA1_Stream2_IRQHandler	8	static
stm32h7xx_it.c:330:6:DMA1_Stream3_IRQHandler	8	static
stm32h7xx_it.c:344:6:DMA1_Stream4_IRQHandler	8	static
stm32h7xx_it.c:358:6:DMA1_Stream5_IRQHandler	8	static
stm32h7xx_it.c:372:6:DMA1_Stream6_IRQHandler	8	static
stm32h7xx_it.c:386:6:TIM1_BRK_IRQHandler	8	static
stm32h7xx_it.c:400:6:TIM1_UP_IRQHandler	8	static
stm32h7xx_it.c:414:6:TIM1_TRG_COM_IRQHandler	8	static
stm32h7xx_it.c:428:6:TIM1_CC_IRQHandler	8	static
stm32h7xx_it.c:442:6:I2C1_EV_IRQHandler	8	static
stm32h7xx_it.c:456:6:I2C1_ER_IRQHandler	8	static
stm32h7xx_it.c:470:6:I2C2_EV_IRQHandler	8	static
stm32h7xx_it.c:484:6:I2C2_ER_IRQHandler	8	static
stm32h7xx_it.c:498:6:SPI1_IRQHandler	8	static
stm32h7xx_it.c:512:6:SPI2_IRQHandler	8	static
stm32h7xx_it.c:526:6:USART1_IRQHandler	8	static
stm32h7xx_it.c:540:6:TIM8_BRK_TIM12_IRQHandler	8	static
stm32h7xx_it.c:554:6:TIM8_UP_TIM13_IRQHandler	8	static
stm32h7xx_it.c:568:6:TIM8_TRG_COM_TIM14_IRQHandler	8	static
stm32h7xx_it.c:582:6:TIM8_CC_IRQHandler	8	static
stm32h7xx_it.c:596:6:DMA1_Stream7_IRQHandler	8	static
stm32h7xx_it.c:610:6:SDMMC1_IRQHandler	8	static
stm32h7xx_it.c:624:6:SPI3_IRQHandler	8	static
stm32h7xx_it.c:638:6:DMA2_Stream0_IRQHandler	8	static
stm32h7xx_it.c:652:6:DMA2_Stream1_IRQHandler	8	static
stm32h7xx_it.c:666:6:DMA2_Stream4_IRQHandler	8	static
stm32h7xx_it.c:680:6:OTG_HS_EP1_OUT_IRQHandler	8	static
stm32h7xx_it.c:694:6:OTG_HS_EP1_IN_IRQHandler	8	static
stm32h7xx_it.c:708:6:OTG_HS_IRQHandler	8	static
stm32h7xx_it.c:722:6:FPU_IRQHandler	0	static
stm32h7xx_it.c:735:6:SPI4_IRQHandler	8	static
stm32h7xx_it.c:749:6:SPI6_IRQHandler	8	static
stm32h7xx_it.c:763:6:SAI1_IRQHandler	8	static
stm32h7xx_it.c:778:6:SAI2_IRQHandler	8	static
stm32h7xx_it.c:793:6:SAI3_IRQHandler	8	static
stm32h7xx_it.c:808:6:HSEM1_IRQHandler	8	static
stm32h7xx_it.c:822:6:SAI4_IRQHandler	8	static
