stm32h7xx_hal_msp.c:77:6:HAL_MspInit	16	static
stm32h7xx_hal_msp.c:115:6:HAL_I2C_MspInit	48	static
stm32h7xx_hal_msp.c:185:6:HAL_I2C_MspDeInit	8	static
stm32h7xx_hal_msp.c:242:6:HAL_SD_MspInit	48	static
stm32h7xx_hal_msp.c:294:6:HAL_SD_MspDeInit	8	static
stm32h7xx_hal_msp.c:332:6:HAL_SPI_MspInit	88	static
stm32h7xx_hal_msp.c:512:6:HAL_SPI_MspDeInit	8	static
stm32h7xx_hal_msp.c:637:6:HAL_TIM_Base_MspInit	48	static
stm32h7xx_hal_msp.c:806:6:HAL_TIM_Base_MspDeInit	8	static
stm32h7xx_hal_msp.c:871:6:HAL_UART_MspInit	40	static
stm32h7xx_hal_msp.c:955:6:HAL_UART_MspDeInit	8	static
stm32h7xx_hal_msp.c:999:6:HAL_SAI_MspInit	80	static
stm32h7xx_hal_msp.c:1323:6:HAL_SAI_MspDeInit	8	static
