usbd_conf.c:66:6:HAL_PCD_MspInit	40	static
usbd_conf.c:103:6:HAL_PCD_MspDeInit	8	static
usbd_conf.c:140:6:HAL_PCD_SetupStageCallback	8	static
usbd_conf.c:155:6:HAL_PCD_DataOutStageCallback	8	static
usbd_conf.c:170:6:HAL_PCD_DataInStageCallback	8	static
usbd_conf.c:184:6:HAL_PCD_SOFCallback	8	static
usbd_conf.c:198:6:HAL_PCD_ResetCallback	8	static
usbd_conf.c:231:6:HAL_PCD_SuspendCallback	8	static
usbd_conf.c:256:6:HAL_PCD_ResumeCallback	8	static
usbd_conf.c:274:6:HAL_PCD_ISOOUTIncompleteCallback	8	static
usbd_conf.c:289:6:HAL_PCD_ISOINIncompleteCallback	8	static
usbd_conf.c:303:6:HAL_PCD_ConnectCallback	8	static
usbd_conf.c:317:6:HAL_PCD_DisconnectCallback	8	static
usbd_conf.c:332:20:USBD_LL_Init	8	static
usbd_conf.c:528:9:USBD_LL_IsStallEP	0	static
usbd_conf.c:606:10:USBD_LL_GetRxDataSize	8	static
usbd_conf.c:616:6:USBD_LL_Delay	8	static
usbd_conf.c:626:20:USBD_Get_USB_Status	0	static
usbd_conf.c:384:20:USBD_LL_DeInit	8	static
usbd_conf.c:401:20:USBD_LL_Start	8	static
usbd_conf.c:418:20:USBD_LL_Stop	8	static
usbd_conf.c:438:20:USBD_LL_OpenEP	8	static
usbd_conf.c:456:20:USBD_LL_CloseEP	8	static
usbd_conf.c:474:20:USBD_LL_FlushEP	8	static
usbd_conf.c:492:20:USBD_LL_StallEP	8	static
usbd_conf.c:510:20:USBD_LL_ClearStallEP	8	static
usbd_conf.c:548:20:USBD_LL_SetUSBAddress	8	static
usbd_conf.c:568:20:USBD_LL_Transmit	8	static
usbd_conf.c:588:20:USBD_LL_PrepareReceive	8	static
